ERC report (2026-01-04T18:15:04+0000, Encoding UTF8)

***** Sheet /
[power_pin_not_driven]: Input Power pin not driven by any Output Power pins
    ; error
    @(45.72 mm, 134.62 mm): Symbol #PWR01 Hidden pin 1 [GND, Power input, Line]
[label_dangling]: Label not connected to anything
    ; error
    @(66.04 mm, 137.16 mm): Label 'AUX1'
[label_dangling]: Label not connected to anything
    ; error
    @(72.39 mm, 144.78 mm): Label 'AUX3'
[label_dangling]: Label not connected to anything
    ; error
    @(69.85 mm, 167.64 mm): Label 'IO1_in'
[label_dangling]: Label not connected to anything
    ; error
    @(72.39 mm, 177.80 mm): Label 'AUX2'
[lib_symbol_mismatch]: Symbol 'GND' doesn't match copy in library 'power'
    ; warning
    @(85.09 mm, 88.90 mm): Symbol #PWR05 [GND]
[lib_symbol_mismatch]: Symbol 'GND' doesn't match copy in library 'power'
    ; warning
    @(45.72 mm, 134.62 mm): Symbol #PWR01 [GND]
[unconnected_wire_endpoint]: Unconnected wire endpoint
    ; warning
    @(60.96 mm, 137.16 mm): Horizontal Wire, length 19.05 mm
[unconnected_wire_endpoint]: Unconnected wire endpoint
    ; warning
    @(74.93 mm, 142.24 mm): Horizontal Wire, length 13.97 mm
[unconnected_wire_endpoint]: Unconnected wire endpoint
    ; warning
    @(60.96 mm, 144.78 mm): Horizontal Wire, length 19.05 mm
[pin_to_pin]: Pins of type Unspecified and Power input are connected
    ; warning
    @(88.90 mm, 132.08 mm): Symbol FPC1 Pin 20 [20, Unspecified, Line]
    @(77.47 mm, 140.97 mm): Symbol #PWR04 Hidden pin 1 [GND, Power input, Line]
[unconnected_wire_endpoint]: Unconnected wire endpoint
    ; warning
    @(60.96 mm, 147.32 mm): Horizontal Wire, length 19.05 mm
[lib_symbol_mismatch]: Symbol 'GND' doesn't match copy in library 'power'
    ; warning
    @(77.47 mm, 140.97 mm): Symbol #PWR04 [GND]
[pin_to_pin]: Pins of type Unspecified and Passive are connected
    ; warning
    @(80.01 mm, 139.70 mm): Symbol FPC1 Pin 2 [2, Unspecified, Line]
    @(54.61 mm, 163.83 mm): Symbol R2 Pin 1 [Passive, Line]
[unconnected_wire_endpoint]: Unconnected wire endpoint
    ; warning
    @(60.96 mm, 149.86 mm): Horizontal Wire, length 19.05 mm
[pin_to_pin]: Pins of type Unspecified and Power input are connected
    ; warning
    @(80.01 mm, 142.24 mm): Symbol FPC1 Pin 3 [3, Unspecified, Line]
    @(77.47 mm, 140.97 mm): Symbol #PWR04 Hidden pin 1 [GND, Power input, Line]
[unconnected_wire_endpoint]: Unconnected wire endpoint
    ; warning
    @(60.96 mm, 152.40 mm): Horizontal Wire, length 19.05 mm
[unconnected_wire_endpoint]: Unconnected wire endpoint
    ; warning
    @(60.96 mm, 154.94 mm): Horizontal Wire, length 19.05 mm
[pin_to_pin]: Pins of type Unspecified and Bidirectional are connected
    ; warning
    @(80.01 mm, 147.32 mm): Symbol FPC1 Pin 5 [5, Unspecified, Line]
    @(118.11 mm, 54.61 mm): Symbol U2 Pin 1 [PA02_A0_D0, Bidirectional, Line]
[unconnected_wire_endpoint]: Unconnected wire endpoint
    ; warning
    @(60.96 mm, 157.48 mm): Horizontal Wire, length 19.05 mm
[pin_to_pin]: Pins of type Unspecified and Bidirectional are connected
    ; warning
    @(80.01 mm, 149.86 mm): Symbol FPC1 Pin 6 [6, Unspecified, Line]
    @(118.11 mm, 58.42 mm): Symbol U2 Pin 2 [PA4_A1_D1, Bidirectional, Line]
[unconnected_wire_endpoint]: Unconnected wire endpoint
    ; warning
    @(60.96 mm, 160.02 mm): Horizontal Wire, length 19.05 mm
[pin_to_pin]: Pins of type Unspecified and Bidirectional are connected
    ; warning
    @(80.01 mm, 152.40 mm): Symbol FPC1 Pin 7 [7, Unspecified, Line]
    @(118.11 mm, 62.23 mm): Symbol U2 Pin 3 [PA10_A2_D2, Bidirectional, Line]
[unconnected_wire_endpoint]: Unconnected wire endpoint
    ; warning
    @(60.96 mm, 162.56 mm): Horizontal Wire, length 19.05 mm
[pin_to_pin]: Pins of type Unspecified and Passive are connected
    ; warning
    @(80.01 mm, 154.94 mm): Symbol FPC1 Pin 8 [8, Unspecified, Line]
    @(140.97 mm, 95.25 mm): Symbol JP2 Pin 1 [A, Passive, Line]
[unconnected_wire_endpoint]: Unconnected wire endpoint
    ; warning
    @(60.96 mm, 165.10 mm): Horizontal Wire, length 19.05 mm
[pin_to_pin]: Pins of type Unspecified and Passive are connected
    ; warning
    @(80.01 mm, 157.48 mm): Symbol FPC1 Pin 9 [9, Unspecified, Line]
    @(140.97 mm, 92.71 mm): Symbol JP1 Pin 1 [A, Passive, Line]
[lib_symbol_mismatch]: Symbol 'GND' doesn't match copy in library 'power'
    ; warning
    @(148.59 mm, 96.52 mm): Symbol #PWR06 [GND]
[unconnected_wire_endpoint]: Unconnected wire endpoint
    ; warning
    @(60.96 mm, 167.64 mm): Horizontal Wire, length 8.89 mm
[pin_to_pin]: Pins of type Unspecified and Bidirectional are connected
    ; warning
    @(80.01 mm, 160.02 mm): Symbol FPC1 Pin 10 [10, Unspecified, Line]
    @(167.64 mm, 69.85 mm): Symbol U2 Pin 10 [PA5_A9_D9_MISO, Bidirectional, Line]
[unconnected_wire_endpoint]: Unconnected wire endpoint
    ; warning
    @(60.96 mm, 170.18 mm): Horizontal Wire, length 19.05 mm
[pin_to_pin]: Pins of type Unspecified and Bidirectional are connected
    ; warning
    @(80.01 mm, 162.56 mm): Symbol FPC1 Pin 11 [11, Unspecified, Line]
    @(167.64 mm, 66.04 mm): Symbol U2 Pin 11 [PA6_A10_D10_MOSI, Bidirectional, Line]
[pin_to_pin]: Pins of type Unspecified and Bidirectional are connected
    ; warning
    @(80.01 mm, 165.10 mm): Symbol FPC1 Pin 12 [12, Unspecified, Line]
    @(167.64 mm, 73.66 mm): Symbol U2 Pin 9 [PA7_A8_D8_SCK, Bidirectional, Line]
[pin_to_pin]: Pins of type Unspecified and Bidirectional are connected
    ; warning
    @(80.01 mm, 167.64 mm): Symbol FPC1 Pin 13 [13, Unspecified, Line]
    @(167.64 mm, 77.47 mm): Symbol U2 Pin 8 [PB09_A7_D7_RX, Bidirectional, Line]
[unconnected_wire_endpoint]: Unconnected wire endpoint
    ; warning
    @(60.96 mm, 177.80 mm): Horizontal Wire, length 19.05 mm
[pin_to_pin]: Pins of type Unspecified and Bidirectional are connected
    ; warning
    @(80.01 mm, 170.18 mm): Symbol FPC1 Pin 14 [14, Unspecified, Line]
    @(118.11 mm, 77.47 mm): Symbol U2 Pin 7 [PB08_A6_D6_TX, Bidirectional, Line]
[lib_symbol_mismatch]: Symbol 'GND' doesn't match copy in library 'power'
    ; warning
    @(179.07 mm, 58.42 mm): Symbol #PWR03 [GND]
[pin_to_pin]: Pins of type Unspecified and Passive are connected
    ; warning
    @(80.01 mm, 172.72 mm): Symbol FPC1 Pin 15 [15, Unspecified, Line]
    @(54.61 mm, 171.45 mm): Symbol R2 Pin 2 [Passive, Line]
[unconnected_wire_endpoint]: Unconnected wire endpoint
    ; warning
    @(60.96 mm, 180.34 mm): Horizontal Wire, length 19.05 mm
[lib_symbol_mismatch]: Symbol 'GND' doesn't match copy in library 'power'
    ; warning
    @(45.72 mm, 185.42 mm): Symbol #PWR02 [GND]
[pin_to_pin]: Pins of type Unspecified and Passive are connected
    ; warning
    @(80.01 mm, 175.26 mm): Symbol FPC1 Pin 16 [16, Unspecified, Line]
    @(48.26 mm, 173.99 mm): Symbol R1 Pin 2 [Passive, Line]
[pin_to_pin]: Pins of type Unspecified and Passive are connected
    ; warning
    @(80.01 mm, 180.34 mm): Symbol FPC1 Pin 18 [18, Unspecified, Line]
    @(85.09 mm, 83.82 mm): Symbol J1 Pin 2 [Pin_2, Passive, Line]
[pin_to_pin]: Pins of type Unspecified and Power input are connected
    ; warning
    @(88.90 mm, 185.42 mm): Symbol FPC1 Pin 19 [19, Unspecified, Line]
    @(45.72 mm, 185.42 mm): Symbol #PWR02 Hidden pin 1 [GND, Power input, Line]

 ** ERC messages: 43  Errors 5  Warnings 38
