ERC report (2025-11-17T21:30:19+0000, Encoding UTF8)

***** Sheet /
[pin_not_connected]: Pin not connected
    ; error
    @(153.67 mm, 64.77 mm): Symbol U2 Pin 4 [NC, Unspecified, Line]
[power_pin_not_driven]: Input Power pin not driven by any Output Power pins
    ; error
    @(134.62 mm, 137.16 mm): Symbol U1 Pin 14 [VSSIO, Power input, Line]
[power_pin_not_driven]: Input Power pin not driven by any Output Power pins
    ; error
    @(166.37 mm, 101.60 mm): Symbol U1 Pin 28 [VDD, Power input, Line]
[power_pin_not_driven]: Input Power pin not driven by any Output Power pins
    ; error
    @(166.37 mm, 104.14 mm): Symbol U1 Pin 27 [VSS, Power input, Line]
[power_pin_not_driven]: Input Power pin not driven by any Output Power pins
    ; error
    @(166.37 mm, 116.84 mm): Symbol U1 Pin 22 [VDDIO, Power input, Line]
[lib_symbol_mismatch]: Symbol '+3.3V' doesn't match copy in library 'power'
    ; warning
    @(76.20 mm, 62.23 mm): Symbol #PWR06 [+3.3V]
[lib_symbol_mismatch]: Symbol 'GND' doesn't match copy in library 'power'
    ; warning
    @(81.28 mm, 62.23 mm): Symbol #PWR07 [GND]
[lib_symbol_mismatch]: Symbol '+3.3V' doesn't match copy in library 'power'
    ; warning
    @(113.03 mm, 52.07 mm): Symbol #PWR013 [+3.3V]
[lib_symbol_mismatch]: Symbol 'GND' doesn't match copy in library 'power'
    ; warning
    @(113.03 mm, 67.31 mm): Symbol #PWR011 [GND]
[pin_to_pin]: Pins of type Unspecified and Unspecified are connected
    ; warning
    @(128.27 mm, 59.69 mm): Symbol U2 Pin 1 [VIN, Unspecified, Line]
    @(128.27 mm, 64.77 mm): Symbol U2 Pin 3 [EN, Unspecified, Line]
[pin_to_pin]: Pins of type Unspecified and Passive are connected
    ; warning
    @(128.27 mm, 62.23 mm): Symbol U2 Pin 2 [GND, Unspecified, Line]
    @(113.03 mm, 60.96 mm): Symbol C9 Pin 2 [Passive, Line]
[pin_to_pin]: Pins of type Unspecified and Passive are connected
    ; warning
    @(128.27 mm, 64.77 mm): Symbol U2 Pin 3 [EN, Unspecified, Line]
    @(113.03 mm, 53.34 mm): Symbol C9 Pin 1 [Passive, Line]
[lib_symbol_mismatch]: Symbol 'GNDA' doesn't match copy in library 'power'
    ; warning
    @(85.09 mm, 120.65 mm): Symbol #PWR01 [GNDA]
[lib_symbol_mismatch]: Symbol 'AP2112K-3.3TRG1' doesn't match copy in library '00_lcsc'
    ; warning
    @(140.97 mm, 62.23 mm): Symbol U2 [AP2112K-3.3TRG1]
[pin_to_pin]: Pins of type Unspecified and Power input are connected
    ; warning
    @(153.67 mm, 59.69 mm): Symbol U2 Pin 5 [VOUT, Unspecified, Line]
    @(157.48 mm, 59.69 mm): Symbol #PWR014 Hidden pin 1 [+3.3VA, Power input, Line]
[footprint_link_issues]: The current configuration does not include the footprint library '00_Custom'.
    ; warning
    @(134.62 mm, 96.52 mm): Symbol U1 [ADS1293CISQE-NOPB]
[lib_symbol_mismatch]: Symbol 'ADS1293CISQE-NOPB' doesn't match copy in library '00_custom'
    ; warning
    @(134.62 mm, 96.52 mm): Symbol U1 [ADS1293CISQE-NOPB]
[lib_symbol_mismatch]: Symbol '+3.3VA' doesn't match copy in library 'power'
    ; warning
    @(157.48 mm, 59.69 mm): Symbol #PWR014 [+3.3VA]
[lib_symbol_mismatch]: Symbol 'GND' doesn't match copy in library 'power'
    ; warning
    @(157.48 mm, 73.66 mm): Symbol #PWR012 [GND]
[lib_symbol_mismatch]: Symbol 'GNDA' doesn't match copy in library 'power'
    ; warning
    @(119.38 mm, 142.24 mm): Symbol #PWR08 [GNDA]
[lib_symbol_mismatch]: Symbol 'GND' doesn't match copy in library 'power'
    ; warning
    @(132.08 mm, 142.24 mm): Symbol #PWR09 [GND]
[lib_symbol_mismatch]: Symbol '+3.3V' doesn't match copy in library 'power'
    ; warning
    @(194.31 mm, 52.07 mm): Symbol #PWR016 [+3.3V]
[lib_symbol_mismatch]: Symbol 'GND' doesn't match copy in library 'power'
    ; warning
    @(149.86 mm, 142.24 mm): Symbol #PWR010 [GND]
[pin_to_pin]: Pins of type Unspecified and Power input are connected
    ; warning
    @(149.86 mm, 142.24 mm): Symbol U1 Pin 29 [EPAD, Unspecified, Line]
    @(149.86 mm, 142.24 mm): Symbol #PWR010 Hidden pin 1 [GND, Power input, Line]
[lib_symbol_mismatch]: Symbol '+3.3V' doesn't match copy in library 'power'
    ; warning
    @(182.88 mm, 113.03 mm): Symbol #PWR03 [+3.3V]
[lib_symbol_mismatch]: Symbol 'GND' doesn't match copy in library 'power'
    ; warning
    @(182.88 mm, 121.92 mm): Symbol #PWR05 [GND]
[lib_symbol_mismatch]: Symbol '+3.3VA' doesn't match copy in library 'power'
    ; warning
    @(200.66 mm, 96.52 mm): Symbol #PWR015 [+3.3VA]
[lib_symbol_mismatch]: Symbol 'GND' doesn't match copy in library 'power'
    ; warning
    @(177.80 mm, 140.97 mm): Symbol #PWR017 [GND]
[lib_symbol_mismatch]: Symbol 'GNDA' doesn't match copy in library 'power'
    ; warning
    @(196.85 mm, 115.57 mm): Symbol #PWR04 [GNDA]
[lib_symbol_mismatch]: Symbol 'GNDA' doesn't match copy in library 'power'
    ; warning
    @(205.74 mm, 106.68 mm): Symbol #PWR02 [GNDA]
[lib_symbol_mismatch]: Symbol 'GNDA' doesn't match copy in library 'power'
    ; warning
    @(185.42 mm, 140.97 mm): Symbol #PWR018 [GNDA]

 ** ERC messages: 31  Errors 5  Warnings 26
