** Drc report for DRY_FLEX.kicad_pcb **
** Created on 2024-03-30T19:43:35+0000 **

** Found 16 DRC violations **
[isolated_copper]: Isolated copper fill
    Local override; warning
    @(111.0000 mm, 104.0000 mm): Zone [/in8+] on F.Cu
[isolated_copper]: Isolated copper fill
    Local override; warning
    @(75.0000 mm, 104.0000 mm): Zone [/in5+] on F.Cu
[isolated_copper]: Isolated copper fill
    Local override; warning
    @(87.0000 mm, 104.0000 mm): Zone [/in6+] on F.Cu
[isolated_copper]: Isolated copper fill
    Local override; warning
    @(39.0000 mm, 28.0000 mm): Zone [/in2-] on F.Cu
[isolated_copper]: Isolated copper fill
    Local override; warning
    @(99.0000 mm, 28.0000 mm): Zone [/in7-] on F.Cu
[isolated_copper]: Isolated copper fill
    Local override; warning
    @(63.0000 mm, 104.0000 mm): Zone [/in4+] on F.Cu
[isolated_copper]: Isolated copper fill
    Local override; warning
    @(27.0000 mm, 28.0000 mm): Zone [/in1-] on F.Cu
[isolated_copper]: Isolated copper fill
    Local override; warning
    @(27.0000 mm, 104.0000 mm): Zone [/in1+] on F.Cu
[isolated_copper]: Isolated copper fill
    Local override; warning
    @(39.0000 mm, 104.0000 mm): Zone [/in2+] on F.Cu
[isolated_copper]: Isolated copper fill
    Local override; warning
    @(87.0000 mm, 28.0000 mm): Zone [/in6-] on F.Cu
[isolated_copper]: Isolated copper fill
    Local override; warning
    @(51.0000 mm, 28.0000 mm): Zone [/in3-] on F.Cu
[isolated_copper]: Isolated copper fill
    Local override; warning
    @(51.0000 mm, 104.0000 mm): Zone [/in3+] on F.Cu
[isolated_copper]: Isolated copper fill
    Local override; warning
    @(111.0000 mm, 28.0000 mm): Zone [/in8-] on F.Cu
[isolated_copper]: Isolated copper fill
    Local override; warning
    @(75.0000 mm, 28.0000 mm): Zone [/in5-] on F.Cu
[isolated_copper]: Isolated copper fill
    Local override; warning
    @(99.0000 mm, 104.0000 mm): Zone [/in7+] on F.Cu
[isolated_copper]: Isolated copper fill
    Local override; warning
    @(63.0000 mm, 28.0000 mm): Zone [/in4-] on F.Cu

** Found 0 unconnected pads **

** Found 0 Footprint errors **

** End of Report **
