ERC report (2026-01-04T18:15:35+0000, Encoding UTF8)

***** Sheet /
[power_pin_not_driven]: Input Power pin not driven by any Output Power pins
    ; error
    @(50.80 mm, 38.10 mm): Symbol U1 Pin 1 [GND, Power input, Line]
[pin_not_connected]: Pin not connected
    ; error
    @(50.80 mm, 40.64 mm): Symbol U1 Pin 2 [0_RX1_CRX2_CS1, Bidirectional, Line]
[pin_not_connected]: Pin not connected
    ; error
    @(50.80 mm, 43.18 mm): Symbol U1 Pin 3 [1_TX1_CTX2_MISO1, Bidirectional, Line]
[pin_not_connected]: Pin not connected
    ; error
    @(50.80 mm, 63.50 mm): Symbol U1 Pin 11 [9_OUT1C, Bidirectional, Line]
[pin_not_connected]: Pin not connected
    ; error
    @(50.80 mm, 66.04 mm): Symbol U1 Pin 12 [10_CS_MQSR, Bidirectional, Line]
[pin_not_connected]: Pin not connected
    ; error
    @(50.80 mm, 88.90 mm): Symbol U1 Pin 21 [14_A0_TX3_SPDIF_OUT, Bidirectional, Line]
[pin_not_connected]: Pin not connected
    ; error
    @(50.80 mm, 104.14 mm): Symbol U1 Pin 27 [20_A6_TX5_LRCLK1, Bidirectional, Line]
[pin_not_connected]: Pin not connected
    ; error
    @(50.80 mm, 106.68 mm): Symbol U1 Pin 28 [21_A7_RX5_BCLK1, Bidirectional, Line]
[power_pin_not_driven]: Input Power pin not driven by any Output Power pins
    ; error
    @(106.68 mm, 96.52 mm): Symbol U1 Pin 33 [VIN, Power input, Line]
[pin_not_connected]: Pin not connected
    ; error
    @(106.68 mm, 104.14 mm): Symbol U1 Pin 30 [23_A9_CRX1_MCLK1, Bidirectional, Line]
[pin_not_connected]: Pin not connected
    ; error
    @(106.68 mm, 106.68 mm): Symbol U1 Pin 29 [22_A8_CTX1, Bidirectional, Line]
[label_dangling]: Label not connected to anything
    ; error
    @(69.85 mm, 167.64 mm): Label 'IO1_in'
[lib_symbol_mismatch]: Symbol 'GND' doesn't match copy in library 'power'
    ; warning
    @(34.29 mm, 40.64 mm): Symbol #PWR05 [GND]
[lib_symbol_mismatch]: Symbol 'GND' doesn't match copy in library 'power'
    ; warning
    @(45.72 mm, 134.62 mm): Symbol #PWR01 [GND]
[unconnected_wire_endpoint]: Unconnected wire endpoint
    ; warning
    @(60.96 mm, 137.16 mm): Horizontal Wire, length 19.05 mm
[unconnected_wire_endpoint]: Unconnected wire endpoint
    ; warning
    @(74.93 mm, 142.24 mm): Horizontal Wire, length 13.97 mm
[unconnected_wire_endpoint]: Unconnected wire endpoint
    ; warning
    @(60.96 mm, 144.78 mm): Horizontal Wire, length 19.05 mm
[pin_to_pin]: Pins of type Unspecified and Passive are connected
    ; warning
    @(80.01 mm, 137.16 mm): Symbol FPC1 Pin 1 [1, Unspecified, Line]
    @(43.18 mm, 91.44 mm): Symbol JP1 Pin 1 [A, Passive, Line]
[pin_to_pin]: Pins of type Unspecified and Power input are connected
    ; warning
    @(88.90 mm, 132.08 mm): Symbol FPC1 Pin 20 [20, Unspecified, Line]
    @(77.47 mm, 140.97 mm): Symbol #PWR04 Hidden pin 1 [GND, Power input, Line]
[unconnected_wire_endpoint]: Unconnected wire endpoint
    ; warning
    @(60.96 mm, 147.32 mm): Horizontal Wire, length 19.05 mm
[lib_symbol_mismatch]: Symbol 'GND' doesn't match copy in library 'power'
    ; warning
    @(77.47 mm, 140.97 mm): Symbol #PWR04 [GND]
[pin_to_pin]: Pins of type Unspecified and Passive are connected
    ; warning
    @(80.01 mm, 139.70 mm): Symbol FPC1 Pin 2 [2, Unspecified, Line]
    @(54.61 mm, 163.83 mm): Symbol R2 Pin 1 [Passive, Line]
[unconnected_wire_endpoint]: Unconnected wire endpoint
    ; warning
    @(60.96 mm, 149.86 mm): Horizontal Wire, length 19.05 mm
[pin_to_pin]: Pins of type Unspecified and Power input are connected
    ; warning
    @(80.01 mm, 142.24 mm): Symbol FPC1 Pin 3 [3, Unspecified, Line]
    @(77.47 mm, 140.97 mm): Symbol #PWR04 Hidden pin 1 [GND, Power input, Line]
[lib_symbol_mismatch]: Symbol 'GND' doesn't match copy in library 'power'
    ; warning
    @(127.00 mm, 102.87 mm): Symbol #PWR06 [GND]
[unconnected_wire_endpoint]: Unconnected wire endpoint
    ; warning
    @(60.96 mm, 152.40 mm): Horizontal Wire, length 19.05 mm
[pin_to_pin]: Pins of type Unspecified and Passive are connected
    ; warning
    @(80.01 mm, 144.78 mm): Symbol FPC1 Pin 4 [4, Unspecified, Line]
    @(43.18 mm, 96.52 mm): Symbol JP3 Pin 1 [A, Passive, Line]
[unconnected_wire_endpoint]: Unconnected wire endpoint
    ; warning
    @(60.96 mm, 154.94 mm): Horizontal Wire, length 19.05 mm
[pin_to_pin]: Pins of type Unspecified and Bidirectional are connected
    ; warning
    @(80.01 mm, 147.32 mm): Symbol FPC1 Pin 5 [5, Unspecified, Line]
    @(50.80 mm, 45.72 mm): Symbol U1 Pin 4 [2_OUT2, Bidirectional, Line]
[unconnected_wire_endpoint]: Unconnected wire endpoint
    ; warning
    @(60.96 mm, 157.48 mm): Horizontal Wire, length 19.05 mm
[pin_to_pin]: Pins of type Unspecified and Bidirectional are connected
    ; warning
    @(80.01 mm, 149.86 mm): Symbol FPC1 Pin 6 [6, Unspecified, Line]
    @(50.80 mm, 48.26 mm): Symbol U1 Pin 5 [3_LRCLK2, Bidirectional, Line]
[unconnected_wire_endpoint]: Unconnected wire endpoint
    ; warning
    @(60.96 mm, 160.02 mm): Horizontal Wire, length 19.05 mm
[pin_to_pin]: Pins of type Unspecified and Bidirectional are connected
    ; warning
    @(80.01 mm, 152.40 mm): Symbol FPC1 Pin 7 [7, Unspecified, Line]
    @(50.80 mm, 50.80 mm): Symbol U1 Pin 6 [4_BCLK2, Bidirectional, Line]
[unconnected_wire_endpoint]: Unconnected wire endpoint
    ; warning
    @(60.96 mm, 162.56 mm): Horizontal Wire, length 19.05 mm
[pin_to_pin]: Pins of type Unspecified and Bidirectional are connected
    ; warning
    @(80.01 mm, 154.94 mm): Symbol FPC1 Pin 8 [8, Unspecified, Line]
    @(50.80 mm, 53.34 mm): Symbol U1 Pin 7 [5_IN2, Bidirectional, Line]
[unconnected_wire_endpoint]: Unconnected wire endpoint
    ; warning
    @(60.96 mm, 165.10 mm): Horizontal Wire, length 19.05 mm
[pin_to_pin]: Pins of type Unspecified and Bidirectional are connected
    ; warning
    @(80.01 mm, 157.48 mm): Symbol FPC1 Pin 9 [9, Unspecified, Line]
    @(50.80 mm, 55.88 mm): Symbol U1 Pin 8 [6_OUT1D, Bidirectional, Line]
[unconnected_wire_endpoint]: Unconnected wire endpoint
    ; warning
    @(60.96 mm, 167.64 mm): Horizontal Wire, length 8.89 mm
[pin_to_pin]: Pins of type Unspecified and Bidirectional are connected
    ; warning
    @(80.01 mm, 160.02 mm): Symbol FPC1 Pin 10 [10, Unspecified, Line]
    @(50.80 mm, 71.12 mm): Symbol U1 Pin 14 [12_MISO_MQSL, Bidirectional, Line]
[unconnected_wire_endpoint]: Unconnected wire endpoint
    ; warning
    @(60.96 mm, 170.18 mm): Horizontal Wire, length 19.05 mm
[pin_to_pin]: Pins of type Unspecified and Bidirectional are connected
    ; warning
    @(80.01 mm, 162.56 mm): Symbol FPC1 Pin 11 [11, Unspecified, Line]
    @(50.80 mm, 68.58 mm): Symbol U1 Pin 13 [11_MOSI_CTX1, Bidirectional, Line]
[pin_to_pin]: Pins of type Unspecified and Bidirectional are connected
    ; warning
    @(80.01 mm, 165.10 mm): Symbol FPC1 Pin 12 [12, Unspecified, Line]
    @(50.80 mm, 86.36 mm): Symbol U1 Pin 20 [13_SCK_CRX1_LED, Bidirectional, Line]
[pin_to_pin]: Pins of type Unspecified and Bidirectional are connected
    ; warning
    @(80.01 mm, 167.64 mm): Symbol FPC1 Pin 13 [13, Unspecified, Line]
    @(50.80 mm, 60.96 mm): Symbol U1 Pin 10 [8_TX2_IN1, Bidirectional, Line]
[unconnected_wire_endpoint]: Unconnected wire endpoint
    ; warning
    @(60.96 mm, 177.80 mm): Horizontal Wire, length 19.05 mm
[pin_to_pin]: Pins of type Unspecified and Bidirectional are connected
    ; warning
    @(80.01 mm, 170.18 mm): Symbol FPC1 Pin 14 [14, Unspecified, Line]
    @(50.80 mm, 58.42 mm): Symbol U1 Pin 9 [7_RX2_OUT1A, Bidirectional, Line]
[pin_to_pin]: Pins of type Unspecified and Passive are connected
    ; warning
    @(80.01 mm, 172.72 mm): Symbol FPC1 Pin 15 [15, Unspecified, Line]
    @(54.61 mm, 171.45 mm): Symbol R2 Pin 2 [Passive, Line]
[unconnected_wire_endpoint]: Unconnected wire endpoint
    ; warning
    @(60.96 mm, 180.34 mm): Horizontal Wire, length 19.05 mm
[lib_symbol_mismatch]: Symbol 'GND' doesn't match copy in library 'power'
    ; warning
    @(45.72 mm, 185.42 mm): Symbol #PWR02 [GND]
[pin_to_pin]: Pins of type Unspecified and Passive are connected
    ; warning
    @(80.01 mm, 175.26 mm): Symbol FPC1 Pin 16 [16, Unspecified, Line]
    @(48.26 mm, 173.99 mm): Symbol R1 Pin 2 [Passive, Line]
[pin_to_pin]: Pins of type Unspecified and Passive are connected
    ; warning
    @(80.01 mm, 177.80 mm): Symbol FPC1 Pin 17 [17, Unspecified, Line]
    @(43.18 mm, 93.98 mm): Symbol JP2 Pin 1 [A, Passive, Line]
[pin_to_pin]: Pins of type Unspecified and Passive are connected
    ; warning
    @(80.01 mm, 180.34 mm): Symbol FPC1 Pin 18 [18, Unspecified, Line]
    @(168.91 mm, 106.68 mm): Symbol J5 Pin 6 [S, Passive, Line]
[lib_symbol_mismatch]: Symbol 'GND' doesn't match copy in library 'power'
    ; warning
    @(175.26 mm, 102.87 mm): Symbol #PWR07 [GND]
[pin_to_pin]: Pins of type Unspecified and Power input are connected
    ; warning
    @(88.90 mm, 185.42 mm): Symbol FPC1 Pin 19 [19, Unspecified, Line]
    @(45.72 mm, 185.42 mm): Symbol #PWR02 Hidden pin 1 [GND, Power input, Line]

 ** ERC messages: 53  Errors 12  Warnings 41
