ERC report (2026-01-03T16:07:10+0000, Encoding UTF8)

***** Sheet /
[label_dangling]: Label not connected to anything
    ; error
    @(96.52 mm, 55.88 mm): Label 'extRef'
[power_pin_not_driven]: Input Power pin not driven by any Output Power pins
    ; error
    @(125.73 mm, 50.80 mm): Symbol U1 Pin 3 [VIN, Power input, Line]
[power_pin_not_driven]: Input Power pin not driven by any Output Power pins
    ; error
    @(151.13 mm, 50.80 mm): Symbol U1 Pin 2 [VOUT, Power input, Line]
[power_pin_not_driven]: Input Power pin not driven by any Output Power pins
    ; error
    @(151.13 mm, 55.88 mm): Symbol U1 Pin 1 [GND, Power input, Line]
[label_dangling]: Label not connected to anything
    ; error
    @(203.20 mm, 146.05 mm): Label 'AIN0'
[label_dangling]: Label not connected to anything
    ; error
    @(205.74 mm, 146.05 mm): Label 'I2C_SDA'
[label_dangling]: Label not connected to anything
    ; error
    @(208.28 mm, 146.05 mm): Label 'i2C_SCL'
[label_dangling]: Label not connected to anything
    ; error
    @(210.82 mm, 146.05 mm): Label 'SPICS_ARM'
[label_dangling]: Label not connected to anything
    ; error
    @(213.36 mm, 146.05 mm): Label 'SCLK_ARM'
[label_dangling]: Label not connected to anything
    ; error
    @(215.90 mm, 146.05 mm): Label 'PICO_ARM'
[label_dangling]: Label not connected to anything
    ; error
    @(218.44 mm, 146.05 mm): Label 'SWDIO'
[label_dangling]: Label not connected to anything
    ; error
    @(220.98 mm, 146.05 mm): Label 'SWCLK'
[lib_symbol_mismatch]: Symbol '+3.3V' doesn't match copy in library 'power'
    ; warning
    @(76.20 mm, 54.61 mm): Symbol #PWR06 [+3.3V]
[lib_symbol_mismatch]: Symbol 'GND' doesn't match copy in library 'power'
    ; warning
    @(81.28 mm, 54.61 mm): Symbol #PWR07 [GND]
[lib_symbol_mismatch]: Symbol '+3.3V' doesn't match copy in library 'power'
    ; warning
    @(119.38 mm, 50.80 mm): Symbol #PWR03 [+3.3V]
[pin_to_pin]: Pins of type Unspecified and Unspecified are connected
    ; warning
    @(97.79 mm, 106.68 mm): Symbol U4 Pin 8 [VDDIO, Unspecified, Line]
    @(115.57 mm, 123.19 mm): Symbol U4 Pin 13 [VDD, Unspecified, Line]
[pin_to_pin]: Pins of type Unspecified and Passive are connected
    ; warning
    @(97.79 mm, 109.22 mm): Symbol U4 Pin 9 [SDO/AD0, Unspecified, Line]
    @(198.12 mm, 90.17 mm): Symbol R6 Pin 1 [Passive, Line]
[pin_to_pin]: Pins of type Unspecified and Passive are connected
    ; warning
    @(97.79 mm, 111.76 mm): Symbol U4 Pin 10 [REGOUT, Unspecified, Line]
    @(80.01 mm, 114.30 mm): Symbol C5 Pin 1 [Passive, Line]
[lib_symbol_mismatch]: Symbol 'GND' doesn't match copy in library 'power'
    ; warning
    @(95.25 mm, 115.57 mm): Symbol #PWR010 [GND]
[pin_to_pin]: Pins of type Unspecified and Power input are connected
    ; warning
    @(97.79 mm, 114.30 mm): Symbol U4 Pin 11 [FSYNC, Unspecified, Line]
    @(95.25 mm, 115.57 mm): Symbol #PWR010 Hidden pin 1 [GND, Power input, Line]
[lib_symbol_mismatch]: Symbol 'GND' doesn't match copy in library 'power'
    ; warning
    @(80.01 mm, 128.27 mm): Symbol #PWR09 [GND]
[lib_symbol_mismatch]: Symbol 'GND' doesn't match copy in library 'power'
    ; warning
    @(110.49 mm, 123.19 mm): Symbol #PWR012 [GND]
[pin_to_pin]: Pins of type Unspecified and Power input are connected
    ; warning
    @(110.49 mm, 123.19 mm): Symbol U4 Pin 25 [EP, Unspecified, Line]
    @(110.49 mm, 123.19 mm): Symbol #PWR012 Hidden pin 1 [GND, Power input, Line]
[pin_to_pin]: Pins of type Unspecified and Power input are connected
    ; warning
    @(115.57 mm, 123.19 mm): Symbol U4 Pin 13 [VDD, Unspecified, Line]
    @(151.13 mm, 50.80 mm): Symbol U1 Pin 2 [VOUT, Power input, Line]
[lib_symbol_mismatch]: Symbol 'GND' doesn't match copy in library 'power'
    ; warning
    @(161.29 mm, 62.23 mm): Symbol #PWR08 [GND]
[pin_to_pin]: Pins of type Unspecified and Power input are connected
    ; warning
    @(128.27 mm, 123.19 mm): Symbol U4 Pin 18 [GND, Unspecified, Line]
    @(110.49 mm, 123.19 mm): Symbol #PWR012 Hidden pin 1 [GND, Power input, Line]
[pin_to_pin]: Pins of type Unspecified and Passive are connected
    ; warning
    @(146.05 mm, 104.14 mm): Symbol U4 Pin 24 [SDA/SDI, Unspecified, Line]
    @(198.12 mm, 53.34 mm): Symbol R2 Pin 1 [Passive, Line]
[pin_to_pin]: Pins of type Unspecified and Input are connected
    ; warning
    @(146.05 mm, 106.68 mm): Symbol U4 Pin 23 [SCL/SCLK, Unspecified, Line]
    @(214.63 mm, 68.58 mm): Symbol U3 Pin 1 [S2, Input, Line]
[pin_to_pin]: Pins of type Unspecified and Input are connected
    ; warning
    @(146.05 mm, 109.22 mm): Symbol U4 Pin 22 [nCS, Unspecified, Line]
    @(214.63 mm, 105.41 mm): Symbol U5 Pin 1 [S2, Input, Line]
[pin_to_pin]: Pins of type Unspecified and Power input are connected
    ; warning
    @(146.05 mm, 114.30 mm): Symbol U4 Pin 20 [RESV, Unspecified, Line]
    @(149.86 mm, 119.38 mm): Symbol #PWR011 Hidden pin 1 [GND, Power input, Line]
[lib_symbol_mismatch]: Symbol 'GND' doesn't match copy in library 'power'
    ; warning
    @(149.86 mm, 119.38 mm): Symbol #PWR011 [GND]
[lib_symbol_mismatch]: Symbol '+3.3V' doesn't match copy in library 'power'
    ; warning
    @(190.50 mm, 67.31 mm): Symbol #PWR04 [+3.3V]
[lib_symbol_mismatch]: Symbol '+3.3V' doesn't match copy in library 'power'
    ; warning
    @(190.50 mm, 104.14 mm): Symbol #PWR05 [+3.3V]
[lib_symbol_mismatch]: Symbol '+3.3V' doesn't match copy in library 'power'
    ; warning
    @(226.06 mm, 43.18 mm): Symbol #PWR01 [+3.3V]
[lib_symbol_mismatch]: Symbol '+3.3V' doesn't match copy in library 'power'
    ; warning
    @(224.79 mm, 82.55 mm): Symbol #PWR02 [+3.3V]
[lib_symbol_mismatch]: Symbol 'GND' doesn't match copy in library 'power'
    ; warning
    @(198.12 mm, 134.62 mm): Symbol #PWR013 [GND]

 ** ERC messages: 36  Errors 12  Warnings 24
