ERC report (2026-01-03T16:28:01+0000, Encoding UTF8)

***** Sheet /
[label_dangling]: Label not connected to anything
    ; error
    @(86.36 mm, 55.88 mm): Label 'POCI'
[label_dangling]: Label not connected to anything
    ; error
    @(88.90 mm, 55.88 mm): Label 'PICO'
[label_dangling]: Label not connected to anything
    ; error
    @(91.44 mm, 55.88 mm): Label 'SCLK'
[label_dangling]: Label not connected to anything
    ; error
    @(96.52 mm, 55.88 mm): Label 'extRef'
[pin_not_connected]: Hierarchical label "GND" in root sheet cannot be connected to non-existent parent sheet
    ; error
    @(60.96 mm, 124.46 mm): Hierarchical Label 'GND'
[power_pin_not_driven]: Input Power pin not driven by any Output Power pins
    ; error
    @(173.355 mm, 96.52 mm): Symbol #PWR01 Hidden pin 1 [+3.3V, Power input, Line]
[power_pin_not_driven]: Input Power pin not driven by any Output Power pins
    ; error
    @(173.355 mm, 125.73 mm): Symbol #PWR02 Hidden pin 1 [GND, Power input, Line]
[power_pin_not_driven]: Input Power pin not driven by any Output Power pins
    ; error
    @(205.74 mm, 69.85 mm): Symbol #PWR08 Pin 1 [Power input, Line]
[label_dangling]: Label not connected to anything
    ; error
    @(254.00 mm, 101.60 mm): Label 'SWCLK'
[label_dangling]: Label not connected to anything
    ; error
    @(254.00 mm, 104.14 mm): Label 'SWDIO'
[label_dangling]: Label not connected to anything
    ; error
    @(254.00 mm, 106.68 mm): Label 'PICO_ARM'
[label_dangling]: Label not connected to anything
    ; error
    @(254.00 mm, 109.22 mm): Label 'SCLK_ARM'
[label_dangling]: Label not connected to anything
    ; error
    @(248.92 mm, 121.92 mm): Label 'CSB'
[lib_symbol_mismatch]: Symbol '+3.3V' doesn't match copy in library 'power'
    ; warning
    @(76.20 mm, 54.61 mm): Symbol #PWR06 [+3.3V]
[lib_symbol_mismatch]: Symbol 'GND' doesn't match copy in library 'power'
    ; warning
    @(81.28 mm, 54.61 mm): Symbol #PWR07 [GND]
[endpoint_off_grid]: Symbol pin or wire end off connection grid
    ; warning
    @(80.645 mm, 116.84 mm): Symbol #PWR010 Hidden pin 1 [GND, Power input, Line]
[endpoint_off_grid]: Symbol pin or wire end off connection grid
    ; warning
    @(80.645 mm, 116.84 mm): Horizontal Wire, length 3.81 mm
[lib_symbol_mismatch]: Symbol 'GND' doesn't match copy in library 'power'
    ; warning
    @(80.645 mm, 116.84 mm): Symbol #PWR010 [GND]
[endpoint_off_grid]: Symbol pin or wire end off connection grid
    ; warning
    @(86.36 mm, 102.87 mm): Horizontal Wire, length 13.335 mm
[endpoint_off_grid]: Symbol pin or wire end off connection grid
    ; warning
    @(99.695 mm, 102.87 mm): Vertical Wire, length 6.35 mm
[endpoint_off_grid]: Symbol pin or wire end off connection grid
    ; warning
    @(84.455 mm, 116.84 mm): Symbol R1 Pin 1 [Passive, Line]
[endpoint_off_grid]: Symbol pin or wire end off connection grid
    ; warning
    @(98.425 mm, 105.41 mm): Vertical Wire, length 6.35 mm
[endpoint_off_grid]: Symbol pin or wire end off connection grid
    ; warning
    @(86.36 mm, 105.41 mm): Horizontal Wire, length 12.065 mm
[endpoint_off_grid]: Symbol pin or wire end off connection grid
    ; warning
    @(99.695 mm, 109.22 mm): Horizontal Wire, length 1.905 mm
[endpoint_off_grid]: Symbol pin or wire end off connection grid
    ; warning
    @(94.615 mm, 114.30 mm): Horizontal Wire, length 6.985 mm
[endpoint_off_grid]: Symbol pin or wire end off connection grid
    ; warning
    @(92.075 mm, 116.84 mm): Horizontal Wire, length 9.525 mm
[endpoint_off_grid]: Symbol pin or wire end off connection grid
    ; warning
    @(98.425 mm, 111.76 mm): Horizontal Wire, length 3.175 mm
[pin_to_pin]: Pins of type Unspecified and Passive are connected
    ; warning
    @(101.60 mm, 109.22 mm): Symbol U3 Pin 1 [PHA, Unspecified, Line]
    @(242.57 mm, 111.76 mm): Symbol J13 Pin 1 [Pin_1, Passive, Line]
[pin_to_pin]: Pins of type Unspecified and Passive are connected
    ; warning
    @(101.60 mm, 111.76 mm): Symbol U3 Pin 2 [PWMA, Unspecified, Line]
    @(242.57 mm, 119.38 mm): Symbol J16 Pin 1 [Pin_1, Passive, Line]
[endpoint_off_grid]: Symbol pin or wire end off connection grid
    ; warning
    @(94.615 mm, 119.38 mm): Horizontal Wire, length 6.985 mm
[pin_to_pin]: Pins of type Unspecified and Passive are connected
    ; warning
    @(101.60 mm, 116.84 mm): Symbol U3 Pin 4 [SENSEA, Unspecified, Line]
    @(92.075 mm, 116.84 mm): Symbol R1 Pin 2 [Passive, Line]
[endpoint_off_grid]: Symbol pin or wire end off connection grid
    ; warning
    @(94.615 mm, 127.00 mm): Horizontal Wire, length 6.985 mm
[pin_to_pin]: Pins of type Unspecified and Passive are connected
    ; warning
    @(101.60 mm, 121.92 mm): Symbol U3 Pin 6 [VS, Unspecified, Line]
    @(68.58 mm, 116.84 mm): Symbol C4 Pin 1 [Passive, Line]
[pin_to_pin]: Pins of type Unspecified and Passive are connected
    ; warning
    @(101.60 mm, 124.46 mm): Symbol U3 Pin 7 [GND, Unspecified, Line]
    @(84.455 mm, 116.84 mm): Symbol R1 Pin 1 [Passive, Line]
[pin_to_pin]: Pins of type Unspecified and Passive are connected
    ; warning
    @(101.60 mm, 127.00 mm): Symbol U3 Pin 8 [OUTB2, Unspecified, Line]
    @(228.60 mm, 64.77 mm): Symbol J22 Pin 1 [Pin_1, Passive, Line]
[lib_symbol_mismatch]: Symbol 'GND' doesn't match copy in library 'power'
    ; warning
    @(134.62 mm, 100.33 mm): Symbol #PWR012 [GND]
[pin_to_pin]: Pins of type Unspecified and Power input are connected
    ; warning
    @(137.16 mm, 106.68 mm): Symbol U3 Pin 17 [GND, Unspecified, Line]
    @(134.62 mm, 100.33 mm): Symbol #PWR012 Hidden pin 1 [GND, Power input, Line]
[pin_to_pin]: Pins of type Unspecified and Passive are connected
    ; warning
    @(137.16 mm, 109.22 mm): Symbol U3 Pin 16 [PWMB, Unspecified, Line]
    @(242.57 mm, 114.30 mm): Symbol J14 Pin 1 [Pin_1, Passive, Line]
[pin_to_pin]: Pins of type Unspecified and Passive are connected
    ; warning
    @(137.16 mm, 111.76 mm): Symbol U3 Pin 15 [PHB, Unspecified, Line]
    @(242.57 mm, 116.84 mm): Symbol J15 Pin 1 [Pin_1, Passive, Line]
[pin_to_pin]: Pins of type Unspecified and Passive are connected
    ; warning
    @(137.16 mm, 114.30 mm): Symbol U3 Pin 14 [STBY\RESET, Unspecified, Line]
    @(173.355 mm, 109.22 mm): Symbol R5 Pin 2 [Passive, Line]
[pin_to_pin]: Pins of type Unspecified and Passive are connected
    ; warning
    @(137.16 mm, 116.84 mm): Symbol U3 Pin 13 [EN\FAULT, Unspecified, Line]
    @(173.355 mm, 116.84 mm): Symbol R5 Pin 1 [Passive, Line]
[pin_to_pin]: Pins of type Unspecified and Passive are connected
    ; warning
    @(137.16 mm, 119.38 mm): Symbol U3 Pin 12 [TOFF, Unspecified, Line]
    @(159.385 mm, 121.92 mm): Symbol R3 Pin 1 [Passive, Line]
[pin_to_pin]: Pins of type Unspecified and Passive are connected
    ; warning
    @(137.16 mm, 121.92 mm): Symbol U3 Pin 11 [REF, Unspecified, Line]
    @(191.77 mm, 119.38 mm): Symbol R6 Pin 2 [Passive, Line]
[pin_to_pin]: Pins of type Unspecified and Passive are connected
    ; warning
    @(137.16 mm, 124.46 mm): Symbol U3 Pin 10 [OUTB1, Unspecified, Line]
    @(228.60 mm, 54.61 mm): Symbol J21 Pin 1 [Pin_1, Passive, Line]
[pin_to_pin]: Pins of type Unspecified and Passive are connected
    ; warning
    @(137.16 mm, 127.00 mm): Symbol U3 Pin 9 [SENSEB, Unspecified, Line]
    @(144.145 mm, 127.00 mm): Symbol R2 Pin 1 [Passive, Line]
[endpoint_off_grid]: Symbol pin or wire end off connection grid
    ; warning
    @(144.145 mm, 124.46 mm): Horizontal Wire, length 6.985 mm
[endpoint_off_grid]: Symbol pin or wire end off connection grid
    ; warning
    @(137.16 mm, 127.00 mm): Horizontal Wire, length 6.985 mm
[endpoint_off_grid]: Symbol pin or wire end off connection grid
    ; warning
    @(144.145 mm, 127.00 mm): Symbol R2 Pin 1 [Passive, Line]
[pin_to_pin]: Pins of type Unspecified and Unspecified are connected
    ; warning
    @(191.77 mm, 33.02 mm): Symbol L1 Pin 2 [2, Unspecified, Line]
    @(101.60 mm, 114.30 mm): Symbol U3 Pin 3 [OUTA1, Unspecified, Line]
[endpoint_off_grid]: Symbol pin or wire end off connection grid
    ; warning
    @(151.765 mm, 121.92 mm): Horizontal Wire, length 14.605 mm
[pin_to_pin]: Pins of type Unspecified and Unspecified are connected
    ; warning
    @(191.77 mm, 43.18 mm): Symbol L2 Pin 2 [2, Unspecified, Line]
    @(101.60 mm, 119.38 mm): Symbol U3 Pin 5 [OUTA2, Unspecified, Line]
[endpoint_off_grid]: Symbol pin or wire end off connection grid
    ; warning
    @(151.765 mm, 127.00 mm): Vertical Wire, length 10.16 mm
[endpoint_off_grid]: Symbol pin or wire end off connection grid
    ; warning
    @(173.355 mm, 96.52 mm): Symbol #PWR01 Hidden pin 1 [+3.3V, Power input, Line]
[endpoint_off_grid]: Symbol pin or wire end off connection grid
    ; warning
    @(173.355 mm, 96.52 mm): Vertical Wire, length 12.70 mm
[lib_symbol_mismatch]: Symbol '+3.3V' doesn't match copy in library 'power'
    ; warning
    @(173.355 mm, 96.52 mm): Symbol #PWR01 [+3.3V]
[endpoint_off_grid]: Symbol pin or wire end off connection grid
    ; warning
    @(168.275 mm, 109.22 mm): Horizontal Wire, length 5.08 mm
[endpoint_off_grid]: Symbol pin or wire end off connection grid
    ; warning
    @(159.385 mm, 121.92 mm): Horizontal Wire, length 2.54 mm
[endpoint_off_grid]: Symbol pin or wire end off connection grid
    ; warning
    @(159.385 mm, 121.92 mm): Symbol R3 Pin 1 [Passive, Line]
[endpoint_off_grid]: Symbol pin or wire end off connection grid
    ; warning
    @(161.925 mm, 119.38 mm): Vertical Wire, length 2.54 mm
[endpoint_off_grid]: Symbol pin or wire end off connection grid
    ; warning
    @(137.16 mm, 119.38 mm): Horizontal Wire, length 24.765 mm
[endpoint_off_grid]: Symbol pin or wire end off connection grid
    ; warning
    @(161.925 mm, 121.92 mm): Horizontal Wire, length 2.54 mm
[endpoint_off_grid]: Symbol pin or wire end off connection grid
    ; warning
    @(168.275 mm, 114.30 mm): Vertical Wire, length 5.08 mm
[endpoint_off_grid]: Symbol pin or wire end off connection grid
    ; warning
    @(137.16 mm, 114.30 mm): Horizontal Wire, length 31.115 mm
[endpoint_off_grid]: Symbol pin or wire end off connection grid
    ; warning
    @(151.765 mm, 137.16 mm): Horizontal Wire, length 7.62 mm
[pin_to_pin]: Pins of type Unspecified and Passive are connected
    ; warning
    @(201.93 mm, 33.02 mm): Symbol L1 Pin 1 [1, Unspecified, Line]
    @(204.47 mm, 34.29 mm): Symbol C7 Pin 1 [Passive, Line]
[endpoint_off_grid]: Symbol pin or wire end off connection grid
    ; warning
    @(164.465 mm, 121.92 mm): Vertical Wire, length 3.81 mm
[endpoint_off_grid]: Symbol pin or wire end off connection grid
    ; warning
    @(159.385 mm, 129.54 mm): Symbol C5 Pin 1 [Passive, Line]
[pin_to_pin]: Pins of type Unspecified and Passive are connected
    ; warning
    @(201.93 mm, 43.18 mm): Symbol L2 Pin 1 [1, Unspecified, Line]
    @(204.47 mm, 41.91 mm): Symbol C7 Pin 2 [Passive, Line]
[endpoint_off_grid]: Symbol pin or wire end off connection grid
    ; warning
    @(164.465 mm, 125.73 mm): Symbol R4 Pin 1 [Passive, Line]
[endpoint_off_grid]: Symbol pin or wire end off connection grid
    ; warning
    @(137.16 mm, 116.84 mm): Horizontal Wire, length 36.195 mm
[endpoint_off_grid]: Symbol pin or wire end off connection grid
    ; warning
    @(173.355 mm, 116.84 mm): Vertical Wire, length 1.27 mm
[endpoint_off_grid]: Symbol pin or wire end off connection grid
    ; warning
    @(173.355 mm, 116.84 mm): Symbol R5 Pin 1 [Passive, Line]
[endpoint_off_grid]: Symbol pin or wire end off connection grid
    ; warning
    @(173.355 mm, 118.11 mm): Symbol C6 Pin 1 [Passive, Line]
[endpoint_off_grid]: Symbol pin or wire end off connection grid
    ; warning
    @(159.385 mm, 137.16 mm): Horizontal Wire, length 2.54 mm
[endpoint_off_grid]: Symbol pin or wire end off connection grid
    ; warning
    @(161.925 mm, 137.16 mm): Horizontal Wire, length 2.54 mm
[endpoint_off_grid]: Symbol pin or wire end off connection grid
    ; warning
    @(161.925 mm, 137.16 mm): Symbol #PWR04 Hidden pin 1 [GND, Power input, Line]
[lib_symbol_mismatch]: Symbol 'GND' doesn't match copy in library 'power'
    ; warning
    @(161.925 mm, 137.16 mm): Symbol #PWR04 [GND]
[endpoint_off_grid]: Symbol pin or wire end off connection grid
    ; warning
    @(173.355 mm, 125.73 mm): Symbol #PWR02 Hidden pin 1 [GND, Power input, Line]
[lib_symbol_mismatch]: Symbol 'GND' doesn't match copy in library 'power'
    ; warning
    @(173.355 mm, 125.73 mm): Symbol #PWR02 [GND]
[endpoint_off_grid]: Symbol pin or wire end off connection grid
    ; warning
    @(164.465 mm, 137.16 mm): Vertical Wire, length 3.81 mm
[lib_symbol_mismatch]: Symbol 'GND' doesn't match copy in library 'power'
    ; warning
    @(205.74 mm, 80.01 mm): Symbol #PWR03 [GND]
[lib_symbol_mismatch]: Symbol '+3.3V' doesn't match copy in library 'power'
    ; warning
    @(191.77 mm, 111.76 mm): Symbol #PWR05 [+3.3V]
[lib_symbol_mismatch]: Symbol 'GND' doesn't match copy in library 'power'
    ; warning
    @(191.77 mm, 127.00 mm): Symbol #PWR09 [GND]
[lib_symbol_mismatch]: Symbol 'GND' doesn't match copy in library 'power'
    ; warning
    @(242.57 mm, 124.46 mm): Symbol #PWR013 [GND]

 ** ERC messages: 84  Errors 13  Warnings 71
